// Jest Snapshot v1, https://goo.gl/fbAQLP

exports[`ShippingOriginPage matches snapshot 1`] = `
<DocumentFragment>
  <div
    class="root"
    id="page"
    style="--marketplaceColor: #7c3aee; --marketplaceColorDark: hsl(262, 84%, 48%); --marketplaceColorLight: hsl(262, 84%, 68%);"
  >
    <div
      class="content"
    >
      <div
        class="root"
        style="grid-template-areas: 'topbar' 'main' 'footer'; display: grid;"
      >
        <header
          class="topbar"
          style="grid-area: topbar;"
        >
          <nav
            aria-label="UserNav.screenreader.userNav"
            class="root darkSkin root"
          >
            <div
              class="tab"
            >
              <a
                class="tabContent tabContentDarkSkin"
                href="/listings"
              >
                <span>
                  UserNav.yourListings
                </span>
              </a>
            </div>
            <div
              class="tab"
            >
              <a
                class="tabContent tabContentDarkSkin"
                href="/my-purchases"
              >
                <span>
                  UserNav.myPurchases
                </span>
              </a>
            </div>
            <div
              class="tab"
            >
              <a
                class="tabContent tabContentDarkSkin"
                href="/my-sales"
              >
                <span>
                  UserNav.mySales
                </span>
              </a>
            </div>
            <div
              class="tab"
            >
              <a
                class="tabContent tabContentDarkSkin"
                href="/my-balance"
              >
                <span>
                  UserNav.myBalance
                </span>
              </a>
            </div>
            <div
              class="tab"
            >
              <a
                class="tabContent tabContentDarkSkin"
                href="/profile-settings"
              >
                <span>
                  UserNav.profileSettings
                </span>
              </a>
            </div>
          </nav>
        </header>
        <div
          class="container"
          style="grid-area: main;"
        >
          <aside
            class="sideNav"
          >
            <nav
              aria-label="LayoutSideNavigation.screenreader.accountNavigation"
              class="tabs"
            >
              <div
                class="tab"
                id="ProfileSettingsPageTab"
              >
                <a
                  class="link"
                  href="/profile-settings"
                >
                  <span>
                    LayoutWrapperAccountSettingsSideNav.profileTabTitle
                  </span>
                </a>
              </div>
              <div
                class="tab"
                id="ContactDetailsPageTab"
              >
                <a
                  class="link"
                  href="/account/contact-details"
                >
                  <span>
                    LayoutWrapperAccountSettingsSideNav.contactDetailsTabTitle
                  </span>
                </a>
              </div>
              <div
                class="tab"
                id="ShippingOriginPageTab"
              >
                <a
                  class="link selectedLink"
                  href="/account/shipping-origin"
                >
                  <span>
                    LayoutWrapperAccountSettingsSideNav.shippingOriginTabTitle
                  </span>
                </a>
              </div>
              <div
                class="tab"
                id="PasswordChangePageTab"
              >
                <a
                  class="link"
                  href="/account/change-password"
                >
                  <span>
                    LayoutWrapperAccountSettingsSideNav.passwordTabTitle
                  </span>
                </a>
              </div>
              <div
                class="tab"
                id="StripePayoutPageTab"
              >
                <a
                  class="link"
                  href="/account/payments"
                >
                  <span>
                    LayoutWrapperAccountSettingsSideNav.paymentsTabTitle
                  </span>
                </a>
              </div>
              <div
                class="tab"
                id="PaymentMethodsPageTab"
              >
                <a
                  class="link"
                  href="/account/payment-methods"
                >
                  <span>
                    LayoutWrapperAccountSettingsSideNav.paymentMethodsTabTitle
                  </span>
                </a>
              </div>
              <div
                class="tab"
                id="ManageAccountPageTab"
              >
                <a
                  class="link"
                  href="/account/manage"
                >
                  <span>
                    LayoutWrapperAccountSettingsSideNav.manageAccountTabTitle
                  </span>
                </a>
              </div>
            </nav>
          </aside>
          <main
            class="main"
            id="main-content"
          >
            <div
              class="content"
            >
              <h1
                class="h3"
              >
                <span>
                  ShippingOriginPage.heading
                </span>
              </h1>
              <p
                class="intro"
              >
                <span>
                  ShippingOriginPage.intro
                </span>
              </p>
              <form
                action="/"
                class="form form"
                method="post"
              >
                <div
                  class="root"
                >
                  <div
                    class="root fieldFullWidth"
                  >
                    <label
                      for="shippingOrigin.recipientName"
                    >
                      ShippingDetails.mxNameLabel
                    </label>
                    <input
                      autocomplete="shipping name"
                      class="input"
                      id="shippingOrigin.recipientName"
                      name="recipientName"
                      placeholder="ShippingDetails.mxNamePlaceholder"
                      type="text"
                      value=""
                    />
                  </div>
                  <div
                    class="root fieldFullWidth"
                  >
                    <label
                      for="shippingOrigin.recipientAddressLine1"
                    >
                      ShippingDetails.mxStreetLabel
                    </label>
                    <input
                      autocomplete="shipping address-line1"
                      class="input"
                      id="shippingOrigin.recipientAddressLine1"
                      name="recipientAddressLine1"
                      placeholder="ShippingDetails.mxStreetPlaceholder"
                      type="text"
                      value=""
                    />
                  </div>
                  <div
                    class="formRow"
                  >
                    <div
                      class="root field"
                    >
                      <label
                        for="shippingOrigin.recipientExteriorNumber"
                      >
                        ShippingDetails.mxExteriorLabel
                      </label>
                      <input
                        autocomplete="off"
                        class="input"
                        id="shippingOrigin.recipientExteriorNumber"
                        name="recipientExteriorNumber"
                        placeholder="ShippingDetails.mxExteriorPlaceholder"
                        type="text"
                        value=""
                      />
                    </div>
                    <div
                      class="root field"
                    >
                      <label
                        for="shippingOrigin.recipientInteriorNumber"
                      >
                        ShippingDetails.mxInteriorLabel
                      </label>
                      <input
                        autocomplete="off"
                        class="input inputSuccess"
                        id="shippingOrigin.recipientInteriorNumber"
                        name="recipientInteriorNumber"
                        placeholder="ShippingDetails.mxInteriorPlaceholder"
                        type="text"
                        value=""
                      />
                    </div>
                  </div>
                  <div
                    class="root fieldFullWidth"
                  >
                    <label
                      for="shippingOrigin.recipientColonia"
                    >
                      ShippingDetails.mxColoniaLabel
                    </label>
                    <input
                      autocomplete="off"
                      class="input"
                      id="shippingOrigin.recipientColonia"
                      name="recipientColonia"
                      placeholder="ShippingDetails.mxColoniaPlaceholder"
                      type="text"
                      value=""
                    />
                  </div>
                  <div
                    class="formRow"
                  >
                    <div
                      class="root field"
                    >
                      <label
                        for="shippingOrigin.recipientPostal"
                      >
                        ShippingDetails.mxPostalLabel
                      </label>
                      <input
                        autocomplete="shipping postal-code"
                        class="input"
                        id="shippingOrigin.recipientPostal"
                        name="recipientPostal"
                        placeholder="ShippingDetails.mxPostalPlaceholder"
                        type="text"
                        value=""
                      />
                    </div>
                    <div
                      class="root field"
                    >
                      <label
                        for="shippingOrigin.recipientCity"
                      >
                        ShippingDetails.mxCityLabel
                      </label>
                      <input
                        autocomplete="shipping address-level2"
                        class="input"
                        id="shippingOrigin.recipientCity"
                        name="recipientCity"
                        placeholder="ShippingDetails.mxCityPlaceholder"
                        type="text"
                        value=""
                      />
                    </div>
                  </div>
                  <div
                    class="root fieldFullWidth"
                  >
                    <label
                      class=""
                      for="shippingOrigin.recipientState"
                    >
                      ShippingDetails.mxStateLabel
                    </label>
                    <select
                      class=""
                      id="shippingOrigin.recipientState"
                      name="recipientState"
                    >
                      <option
                        disabled=""
                        value=""
                      >
                        ShippingDetails.mxStatePlaceholder
                      </option>
                      <option
                        value="Aguascalientes"
                      >
                        Aguascalientes
                      </option>
                      <option
                        value="Baja California"
                      >
                        Baja California
                      </option>
                      <option
                        value="Baja California Sur"
                      >
                        Baja California Sur
                      </option>
                      <option
                        value="Campeche"
                      >
                        Campeche
                      </option>
                      <option
                        value="Chiapas"
                      >
                        Chiapas
                      </option>
                      <option
                        value="Chihuahua"
                      >
                        Chihuahua
                      </option>
                      <option
                        value="Ciudad de México"
                      >
                        Ciudad de México
                      </option>
                      <option
                        value="Coahuila"
                      >
                        Coahuila
                      </option>
                      <option
                        value="Colima"
                      >
                        Colima
                      </option>
                      <option
                        value="Durango"
                      >
                        Durango
                      </option>
                      <option
                        value="Estado de México"
                      >
                        Estado de México
                      </option>
                      <option
                        value="Guanajuato"
                      >
                        Guanajuato
                      </option>
                      <option
                        value="Guerrero"
                      >
                        Guerrero
                      </option>
                      <option
                        value="Hidalgo"
                      >
                        Hidalgo
                      </option>
                      <option
                        value="Jalisco"
                      >
                        Jalisco
                      </option>
                      <option
                        value="Michoacán"
                      >
                        Michoacán
                      </option>
                      <option
                        value="Morelos"
                      >
                        Morelos
                      </option>
                      <option
                        value="Nayarit"
                      >
                        Nayarit
                      </option>
                      <option
                        value="Nuevo León"
                      >
                        Nuevo León
                      </option>
                      <option
                        value="Oaxaca"
                      >
                        Oaxaca
                      </option>
                      <option
                        value="Puebla"
                      >
                        Puebla
                      </option>
                      <option
                        value="Querétaro"
                      >
                        Querétaro
                      </option>
                      <option
                        value="Quintana Roo"
                      >
                        Quintana Roo
                      </option>
                      <option
                        value="San Luis Potosí"
                      >
                        San Luis Potosí
                      </option>
                      <option
                        value="Sinaloa"
                      >
                        Sinaloa
                      </option>
                      <option
                        value="Sonora"
                      >
                        Sonora
                      </option>
                      <option
                        value="Tabasco"
                      >
                        Tabasco
                      </option>
                      <option
                        value="Tamaulipas"
                      >
                        Tamaulipas
                      </option>
                      <option
                        value="Tlaxcala"
                      >
                        Tlaxcala
                      </option>
                      <option
                        value="Veracruz"
                      >
                        Veracruz
                      </option>
                      <option
                        value="Yucatán"
                      >
                        Yucatán
                      </option>
                      <option
                        value="Zacatecas"
                      >
                        Zacatecas
                      </option>
                    </select>
                  </div>
                  <div
                    class="root fieldFullWidth"
                  >
                    <label
                      for="shippingOrigin.recipientPhoneNumber"
                    >
                      ShippingDetails.mxPhoneLabel
                    </label>
                    <input
                      autocomplete="shipping tel"
                      class="input"
                      id="shippingOrigin.recipientPhoneNumber"
                      name="recipientPhoneNumber"
                      placeholder="ShippingDetails.mxPhonePlaceholder"
                      type="text"
                      value=""
                    />
                  </div>
                </div>
                <button
                  class="primaryButtonRoot primaryButton"
                  disabled=""
                  type="submit"
                >
                  <span>
                    ShippingOriginPage.submit
                  </span>
                </button>
              </form>
            </div>
          </main>
        </div>
        <div
          style="grid-area: footer;"
        />
      </div>
    </div>
  </div>
</DocumentFragment>
`;
