// Jest Snapshot v1, https://goo.gl/fbAQLP

exports[`AddToBagButton matches snapshot 1`] = `
<DocumentFragment>
  <button
    aria-pressed="false"
    class="root"
    type="button"
  >
    <span
      class="label"
    >
      <span>
        Add to bag
      </span>
    </span>
  </button>
</DocumentFragment>
`;
