// Jest Snapshot v1, https://goo.gl/fbAQLP

exports[`AddToBagButton matches snapshot 1`] = `
<DocumentFragment>
  <button
    aria-pressed="false"
    class="root"
    type="button"
  >
    <svg
      aria-hidden="true"
      height="18"
      viewBox="0 0 24 24"
      width="18"
    >
      <path
        d="M6 8V6a6 6 0 0 1 12 0v2h3l-1 13a2 2 0 0 1-2 1.8H6A2 2 0 0 1 4 21L3 8h3zm2 0h8V6a4 4 0 0 0-8 0v2z"
        fill="currentColor"
      />
    </svg>
    <span
      class="label"
    >
      <span>
        Add to bag
      </span>
    </span>
  </button>
</DocumentFragment>
`;
